­şğ¬ Testing Interra Adapter...
­şîı Launching Puppeteer for Interra (Stealth Mode)...
